// Jest Snapshot v1, https://goo.gl/fbAQLP

exports[`Renders Home tests Renders Home component 1`] = `
Object {
  "asFragment": [Function],
  "baseElement": <body>
    <div>
      <section>
        <div
          class="header"
        >
          <img
            alt="All amiibos"
            class="header-image"
            src="Amiibo_main.jpg"
          />
          <p
            class="header-text"
          >
            Welcome! Select a category to filter with the search bar below and see all the information available about any amiibo!
          </p>
          <select
            class="header-filter"
          >
            <option
              value="all"
            >
              All Game Series
            </option>
          </select>
        </div>
        <ul
          class="header-amiibocontainer"
        />
      </section>
    </div>
  </body>,
  "container": <div>
    <section>
      <div
        class="header"
      >
        <img
          alt="All amiibos"
          class="header-image"
          src="Amiibo_main.jpg"
        />
        <p
          class="header-text"
        >
          Welcome! Select a category to filter with the search bar below and see all the information available about any amiibo!
        </p>
        <select
          class="header-filter"
        >
          <option
            value="all"
          >
            All Game Series
          </option>
        </select>
      </div>
      <ul
        class="header-amiibocontainer"
      />
    </section>
  </div>,
  "debug": [Function],
  "findAllByAltText": [Function],
  "findAllByDisplayValue": [Function],
  "findAllByLabelText": [Function],
  "findAllByPlaceholderText": [Function],
  "findAllByRole": [Function],
  "findAllByTestId": [Function],
  "findAllByText": [Function],
  "findAllByTitle": [Function],
  "findByAltText": [Function],
  "findByDisplayValue": [Function],
  "findByLabelText": [Function],
  "findByPlaceholderText": [Function],
  "findByRole": [Function],
  "findByTestId": [Function],
  "findByText": [Function],
  "findByTitle": [Function],
  "getAllByAltText": [Function],
  "getAllByDisplayValue": [Function],
  "getAllByLabelText": [Function],
  "getAllByPlaceholderText": [Function],
  "getAllByRole": [Function],
  "getAllByTestId": [Function],
  "getAllByText": [Function],
  "getAllByTitle": [Function],
  "getByAltText": [Function],
  "getByDisplayValue": [Function],
  "getByLabelText": [Function],
  "getByPlaceholderText": [Function],
  "getByRole": [Function],
  "getByTestId": [Function],
  "getByText": [Function],
  "getByTitle": [Function],
  "queryAllByAltText": [Function],
  "queryAllByDisplayValue": [Function],
  "queryAllByLabelText": [Function],
  "queryAllByPlaceholderText": [Function],
  "queryAllByRole": [Function],
  "queryAllByTestId": [Function],
  "queryAllByText": [Function],
  "queryAllByTitle": [Function],
  "queryByAltText": [Function],
  "queryByDisplayValue": [Function],
  "queryByLabelText": [Function],
  "queryByPlaceholderText": [Function],
  "queryByRole": [Function],
  "queryByTestId": [Function],
  "queryByText": [Function],
  "queryByTitle": [Function],
  "rerender": [Function],
  "unmount": [Function],
}
`;
